Info: Starting: Create block symbol file (.bsf)
Info: qsys-generate C:\DE0-Nano\Projekty\UART_ADC\unnamedadc.qsys --block-symbol-file --output-directory=C:\DE0-Nano\Projekty\UART_ADC\unnamedadc --family="Cyclone IV E" --part=EP4CE22F17C6
Progress: Loading UART_ADC/unnamedadc.qsys
Progress: Reading input file
Progress: Adding adc_mega_0 [altera_up_avalon_adc_mega 18.0]
Progress: Parameterizing module adc_mega_0
Progress: Building connections
Progress: Parameterizing connections
Progress: Validating
Progress: Done reading input file
Info: qsys-generate succeeded.
Info: Finished: Create block symbol file (.bsf)
Info: 
Info: Starting: Create HDL design files for synthesis
Info: qsys-generate C:\DE0-Nano\Projekty\UART_ADC\unnamedadc.qsys --synthesis=VERILOG --output-directory=C:\DE0-Nano\Projekty\UART_ADC\unnamedadc\synthesis --family="Cyclone IV E" --part=EP4CE22F17C6
Progress: Loading UART_ADC/unnamedadc.qsys
Progress: Reading input file
Progress: Adding adc_mega_0 [altera_up_avalon_adc_mega 18.0]
Progress: Parameterizing module adc_mega_0
Progress: Building connections
Progress: Parameterizing connections
Progress: Validating
Progress: Done reading input file
Info: unnamedadc: Generating unnamedadc "unnamedadc" for QUARTUS_SYNTH
Info: adc_mega_0: Starting Generation of ADC Controller for DE-series Board
Info: adc_mega_0: C:/intelfpga_lite/18.1/ip/altera/university_program/input_output/altera_up_avalon_adc/hdl/altera_up_avalon_adv_adc.v C:/Users/delta/AppData/Local/Temp/alt9153_4819279032661145901.dir/0002_sopcgen/unnamedadc_adc_mega_0.v
Info: adc_mega_0: "unnamedadc" instantiated altera_up_avalon_adc_mega "adc_mega_0"
Info: unnamedadc: Done "unnamedadc" with 2 modules, 3 files
Info: qsys-generate succeeded.
Info: Finished: Create HDL design files for synthesis
